@1 DataProcessing(1,1,1,1);
@2 DataProcessing(1,1,1,1);
@3 DataProcessing(1,1,1,1);
@4 DataProcessing(1,1,1,1);
@5 DataProcessing(1,1,1,1);
@6 DataProcessing(1,1,1,1);
@7 DataProcessing(1,1,1,1);
@8 DataProcessing(1,1,1,1);
@9 DataProcessing(1,1,1,1);
@10 DataProcessing(1,1,1,1);
@11 DataProcessing(1,1,1,1);
@12 DataProcessing(1,1,1,1);
@13 DataProcessing(1,1,1,1);
@14 DataProcessing(1,1,1,1);
@15 DataProcessing(1,1,1,1);
@16 DataProcessing(1,1,1,1);
@17 DataProcessing(1,1,1,1);
@18 DataProcessing(1,1,1,1);
@19 DataProcessing(1,1,1,1);
@20 DataProcessing(1,1,1,1);

